Flow report for tp_nios_v
Thu Jan  8 11:33:51 2026
Quartus Prime Version 24.1std.0 Build 1077 03/04/2025 SC Lite Edition


---------------------
; Table of Contents ;
---------------------
  1. Legal Notice
  2. Flow Summary
  3. Flow Settings
  4. Flow Non-Default Global Settings
  5. Flow Elapsed Time
  6. Flow OS Summary
  7. Flow Log
  8. Flow Messages
  9. Flow Suppressed Messages



----------------
; Legal Notice ;
----------------
Copyright (C) 2025  Altera Corporation. All rights reserved.
Your use of Altera Corporation's design tools, logic functions 
and other software and tools, and any partner logic 
functions, and any output files from any of the foregoing 
(including device programming or simulation files), and any 
associated documentation or information are expressly subject 
to the terms and conditions of the Altera Program License 
Subscription Agreement, the Altera Quartus Prime License Agreement,
the Altera IP License Agreement, or other applicable license
agreement, including, without limitation, that your use is for
the sole purpose of programming logic devices manufactured by
Altera and sold by Altera or its authorized distributors.  Please
refer to the Altera Software License Subscription Agreements 
on the Quartus Prime software download page.



+-----------------------------------------------------------------------------------+
; Flow Summary                                                                      ;
+---------------------------------+-------------------------------------------------+
; Flow Status                     ; Successful - Thu Jan  8 11:32:53 2026           ;
; Quartus Prime Version           ; 24.1std.0 Build 1077 03/04/2025 SC Lite Edition ;
; Revision Name                   ; tp_nios_v                                       ;
; Top-level Entity Name           ; tp_nios_v                                       ;
; Family                          ; Cyclone V                                       ;
; Device                          ; 5CSEBA6U23I7                                    ;
; Timing Models                   ; Final                                           ;
; Logic utilization (in ALMs)     ; 2,713 / 41,910 ( 6 % )                          ;
; Total registers                 ; 3524                                            ;
; Total pins                      ; 16 / 314 ( 5 % )                                ;
; Total virtual pins              ; 0                                               ;
; Total block memory bits         ; 1,051,720 / 5,662,720 ( 19 % )                  ;
; Total DSP Blocks                ; 0 / 112 ( 0 % )                                 ;
; Total HSSI RX PCSs              ; 0                                               ;
; Total HSSI PMA RX Deserializers ; 0                                               ;
; Total HSSI TX PCSs              ; 0                                               ;
; Total HSSI PMA TX Serializers   ; 0                                               ;
; Total PLLs                      ; 0 / 6 ( 0 % )                                   ;
; Total DLLs                      ; 0 / 4 ( 0 % )                                   ;
+---------------------------------+-------------------------------------------------+


+-----------------------------------------+
; Flow Settings                           ;
+-------------------+---------------------+
; Option            ; Setting             ;
+-------------------+---------------------+
; Start date & time ; 01/08/2026 11:15:36 ;
; Main task         ; Compilation         ;
; Revision Name     ; tp_nios_v           ;
+-------------------+---------------------+


+-----------------------------------------------------------------------------------------------------------------------------------------+
; Flow Non-Default Global Settings                                                                                                        ;
+-------------------------------------+--------------------------------------------------------+---------------+-------------+------------+
; Assignment Name                     ; Value                                                  ; Default Value ; Entity Name ; Section Id ;
+-------------------------------------+--------------------------------------------------------+---------------+-------------+------------+
; COMPILER_SIGNATURE_ID               ; 10995770589186.176786733619044                         ; --            ; --          ; --         ;
; MAX_CORE_JUNCTION_TEMP              ; 100                                                    ; --            ; --          ; --         ;
; MIN_CORE_JUNCTION_TEMP              ; -40                                                    ; --            ; --          ; --         ;
; MISC_FILE                           ; ../sopc/nios/synthesis/../nios.cmp                     ; --            ; --          ; --         ;
; MISC_FILE                           ; ../sopc/nios/synthesis/../../nios.qsys                 ; --            ; --          ; --         ;
; PARTITION_COLOR                     ; -- (Not supported for targeted family)                 ; --            ; --          ; Top        ;
; PARTITION_FITTER_PRESERVATION_LEVEL ; -- (Not supported for targeted family)                 ; --            ; --          ; Top        ;
; PARTITION_NETLIST_TYPE              ; -- (Not supported for targeted family)                 ; --            ; --          ; Top        ;
; POWER_BOARD_THERMAL_MODEL           ; None (CONSERVATIVE)                                    ; --            ; --          ; --         ;
; POWER_PRESET_COOLING_SOLUTION       ; 23 MM HEAT SINK WITH 200 LFPM AIRFLOW                  ; --            ; --          ; --         ;
; PROJECT_OUTPUT_DIRECTORY            ; output_files                                           ; --            ; --          ; --         ;
; SLD_FILE                            ; ../sopc/nios/synthesis/nios.regmap                     ; --            ; --          ; --         ;
; SLD_FILE                            ; ../sopc/nios/synthesis/nios.debuginfo                  ; --            ; --          ; --         ;
; SLD_INFO                            ; QSYS_NAME nios HAS_SOPCINFO 1 GENERATION_ID 1767861795 ; --            ; nios        ; --         ;
; SOPCINFO_FILE                       ; ../sopc/nios/synthesis/../../nios.sopcinfo             ; --            ; --          ; --         ;
; SYNTHESIS_ONLY_QIP                  ; On                                                     ; --            ; --          ; --         ;
+-------------------------------------+--------------------------------------------------------+---------------+-------------+------------+


+--------------------------------------------------------------------------------------------------------------------------+
; Flow Elapsed Time                                                                                                        ;
+----------------------+--------------+-------------------------+---------------------+------------------------------------+
; Module Name          ; Elapsed Time ; Average Processors Used ; Peak Virtual Memory ; Total CPU Time (on all processors) ;
+----------------------+--------------+-------------------------+---------------------+------------------------------------+
; Analysis & Synthesis ; 00:01:10     ; 1.0                     ; 5195 MB             ; 00:01:24                           ;
; Fitter               ; 00:15:00     ; 1.1                     ; 7722 MB             ; 00:53:07                           ;
; Assembler            ; 00:00:38     ; 1.0                     ; 5300 MB             ; 00:00:36                           ;
; Timing Analyzer      ; 00:00:55     ; 2.4                     ; 5998 MB             ; 00:01:40                           ;
; Total                ; 00:17:43     ; --                      ; --                  ; 00:56:47                           ;
+----------------------+--------------+-------------------------+---------------------+------------------------------------+


+------------------------------------------------------------------------------------+
; Flow OS Summary                                                                    ;
+----------------------+------------------+------------+------------+----------------+
; Module Name          ; Machine Hostname ; OS Name    ; OS Version ; Processor type ;
+----------------------+------------------+------------+------------+----------------+
; Analysis & Synthesis ; DESKTOP-KELLY    ; Windows 10 ; 10.0       ; x86_64         ;
; Fitter               ; DESKTOP-KELLY    ; Windows 10 ; 10.0       ; x86_64         ;
; Assembler            ; DESKTOP-KELLY    ; Windows 10 ; 10.0       ; x86_64         ;
; Timing Analyzer      ; DESKTOP-KELLY    ; Windows 10 ; 10.0       ; x86_64         ;
+----------------------+------------------+------------+------------+----------------+


------------
; Flow Log ;
------------
quartus_map --read_settings_files=on --write_settings_files=off tp_nios_v -c tp_nios_v
quartus_fit --read_settings_files=off --write_settings_files=off tp_nios_v -c tp_nios_v
quartus_asm --read_settings_files=off --write_settings_files=off tp_nios_v -c tp_nios_v
quartus_sta tp_nios_v -c tp_nios_v



