14:18:24 **** Incremental Build of configuration Default for project app ****
"C:\\intelFPGA_lite\\24.1std\\riscfree\\build_tools\\bin\\make.exe" -j all 
[ 94%] Built target hal2_bsp
[ 95%] Building C object CMakeFiles/app.elf.dir/main.c.obj
C:/Users/Kelly/akelly/ENSEA/3A/fpga/tp/TP_FPGA/tp_nios_v/soft/app/main.c: In function 'ADXL343_Write':
C:/Users/Kelly/akelly/ENSEA/3A/fpga/tp/TP_FPGA/tp_nios_v/soft/app/main.c:18:36: warning: variable 'ret' set but not used [-Wunused-but-set-variable]
   18 |         ALT_AVALON_I2C_STATUS_CODE ret;
      |                                    ^~~
C:/Users/Kelly/akelly/ENSEA/3A/fpga/tp/TP_FPGA/tp_nios_v/soft/app/main.c: In function 'ADXL343_Read':
C:/Users/Kelly/akelly/ENSEA/3A/fpga/tp/TP_FPGA/tp_nios_v/soft/app/main.c:27:36: warning: variable 'ret' set but not used [-Wunused-but-set-variable]
   27 |         ALT_AVALON_I2C_STATUS_CODE ret;
      |                                    ^~~
[ 96%] Linking C executable app.elf
[ 96%] Built target app.elf
[ 97%] Creating app.elf.objdump.
[ 98%] Reporting memory available for stack + heap in app.elf.
[100%] Creating onchip_memory2_0.hex.
TBBmalloc: skip allocation functions replacement in ucrtbase.dll: unknown prologue for function _msize
app.elf
 * 105.58 KB - Program size (code + initialized data).
 * 16.12 KB - Free for stack + heap.
[100%] Built target niosv-stack-report
[100%] Built target create-objdump
[100%] Built target create-hex

14:18:26 Build Finished. 0 errors, 2 warnings. (took 1s.917ms)

